\BOOKMARK [1][-]{section.1}{1. Intro}{}% 1
\BOOKMARK [1][-]{section.2}{2. Numerical tests}{}% 2
